******************************************************************************
                  MSP430 Linker PC v4.2.1                      
******************************************************************************
>> Linked Fri Mar 07 17:28:33 2014

OUTPUT FILE NAME:   <msp430x20x3_sd16A_01.out>
ENTRY POINT SYMBOL: "_c_int00"  address: 0000f91c


MEMORY CONFIGURATION

         name            origin    length      used     unused   attr    fill
----------------------  --------  ---------  --------  --------  ----  --------
  SFR                   00000000   00000010  00000000  00000010  RWIX
  PERIPHERALS_8BIT      00000010   000000f0  00000000  000000f0  RWIX
  PERIPHERALS_16BIT     00000100   00000100  00000000  00000100  RWIX
  RAM                   00000200   00000080  00000074  0000000c  RWIX
  INFOD                 00001000   00000040  00000000  00000040  RWIX
  INFOC                 00001040   00000040  00000000  00000040  RWIX
  INFOB                 00001080   00000040  00000000  00000040  RWIX
  INFOA                 000010c0   00000040  00000000  00000040  RWIX
  FLASH                 0000f800   000007e0  000001aa  00000636  RWIX
  INT00                 0000ffe0   00000002  00000000  00000002  RWIX
  INT01                 0000ffe2   00000002  00000000  00000002  RWIX
  INT02                 0000ffe4   00000002  00000002  00000000  RWIX
  INT03                 0000ffe6   00000002  00000002  00000000  RWIX
  INT04                 0000ffe8   00000002  00000002  00000000  RWIX
  INT05                 0000ffea   00000002  00000002  00000000  RWIX
  INT06                 0000ffec   00000002  00000000  00000002  RWIX
  INT07                 0000ffee   00000002  00000000  00000002  RWIX
  INT08                 0000fff0   00000002  00000002  00000000  RWIX
  INT09                 0000fff2   00000002  00000002  00000000  RWIX
  INT10                 0000fff4   00000002  00000002  00000000  RWIX
  INT11                 0000fff6   00000002  00000000  00000002  RWIX
  INT12                 0000fff8   00000002  00000000  00000002  RWIX
  INT13                 0000fffa   00000002  00000000  00000002  RWIX
  INT14                 0000fffc   00000002  00000002  00000000  RWIX
  RESET                 0000fffe   00000002  00000002  00000000  RWIX


SECTION ALLOCATION MAP

 output                                  attributes/
section   page    origin      length       input sections
--------  ----  ----------  ----------   ----------------
.init_array 
*          0    0000f800    00000000     UNINITIALIZED

.bss       0    00000200    00000040     UNINITIALIZED
                  00000200    00000040     (.common:data)

.TI.noinit 
*          0    00000200    00000000     UNINITIALIZED

.data      0    00000240    00000002     UNINITIALIZED
                  00000240    00000002     msp430x20x3_sd16A_01.obj (.data)

.TI.persistent 
*          0    00000240    00000000     UNINITIALIZED

.stack     0    0000024c    00000032     UNINITIALIZED
                  0000024c    00000002     rts430_eabi.lib : boot.obj (.stack)
                  0000024e    00000030     --HOLE--

.text      0    0000f800    00000192     
                  0000f800    0000005e     rts430_eabi.lib : copy_decompress_rle.obj (.text:__TI_decompress_rle_core)
                  0000f85e    0000005e                     : autoinit.obj (.text:_auto_init)
                  0000f8bc    00000036     msp430x20x3_sd16A_01.obj (.text:main)
                  0000f8f2    0000002a     msp430x20x3_sd16A_01.obj (.text:SD16ISR)
                  0000f91c    0000001a     rts430_eabi.lib : boot.obj (.text:_c_int00_noexit)
                  0000f936    00000014                     : copy_zero_init.obj (.text:decompress:ZI:__TI_zero_init)
                  0000f94a    00000012                     : copy_decompress_none.obj (.text:decompress:none:__TI_decompress_none)
                  0000f95c    00000012                     : memcpy.obj (.text:memcpy)
                  0000f96e    00000010                     : epilog.obj (.text)
                  0000f97e    00000006                     : isr_trap.obj (.text:__TI_ISR_TRAP)
                  0000f984    00000006                     : copy_decompress_rle.obj (.text:decompress:rle24:__TI_decompress_rle24)
                  0000f98a    00000004                     : pre_init.obj (.text:_system_pre_init)
                  0000f98e    00000004                     : exit.obj (.text:abort)

.cinit     0    0000f992    00000018     
                  0000f992    00000006     (.cinit..data.load) [load image]
                  0000f998    00000006     (__TI_handler_table)
                  0000f99e    00000004     (.cinit..bss.load) [load image, compression = zero_init]
                  0000f9a2    00000008     (__TI_cinit_table)

PORT1      0    0000ffe4    00000002     
                  0000ffe4    00000002     rts430_eabi.lib : int02.obj (.int02)

PORT2      0    0000ffe6    00000002     
                  0000ffe6    00000002     rts430_eabi.lib : int03.obj (.int03)

USI        0    0000ffe8    00000002     
                  0000ffe8    00000002     rts430_eabi.lib : int04.obj (.int04)

SD16       0    0000ffea    00000002     
                  0000ffea    00000002     msp430x20x3_sd16A_01.obj (.int05)

TIMERA1    0    0000fff0    00000002     
                  0000fff0    00000002     rts430_eabi.lib : int08.obj (.int08)

TIMERA0    0    0000fff2    00000002     
                  0000fff2    00000002     rts430_eabi.lib : int09.obj (.int09)

WDT        0    0000fff4    00000002     
                  0000fff4    00000002     rts430_eabi.lib : int10.obj (.int10)

NMI        0    0000fffc    00000002     
                  0000fffc    00000002     rts430_eabi.lib : int14.obj (.int14)

.reset     0    0000fffe    00000002     
                  0000fffe    00000002     rts430_eabi.lib : boot.obj (.reset)


LINKER GENERATED COPY TABLES

__TI_cinit_table @ 0000f9a2 records: 2, size/record: 4, table size: 8
	.data: load addr=0000f992, load size=00000006 bytes, run addr=00000240, run size=00000002 bytes, compression=copy
	.bss: load addr=0000f99e, load size=00000004 bytes, run addr=00000200, run size=00000040 bytes, compression=zero_init


LINKER GENERATED HANDLER TABLE

__TI_handler_table @ 0000f998 records: 3, size/record: 2, table size: 6
	index: 0, handler: __TI_zero_init
	index: 1, handler: __TI_decompress_rle24
	index: 2, handler: __TI_decompress_none


GLOBAL SYMBOLS: SORTED ALPHABETICALLY BY Name 

address    name
--------   ----
00000057   BCSCTL1
00000058   BCSCTL2
00000053   BCSCTL3
0000f98e   C$$EXIT
000010fb   CALBC1_12MHZ
000010f9   CALBC1_16MHZ
000010ff   CALBC1_1MHZ
000010fd   CALBC1_8MHZ
000010fa   CALDCO_12MHZ
000010f8   CALDCO_16MHZ
000010fe   CALDCO_1MHZ
000010fc   CALDCO_8MHZ
00000056   DCOCTL
00000128   FCTL1
0000012a   FCTL2
0000012c   FCTL3
00000000   IE1
00000002   IFG1
00000022   P1DIR
00000025   P1IE
00000024   P1IES
00000023   P1IFG
00000020   P1IN
00000021   P1OUT
00000027   P1REN
00000026   P1SEL
0000002a   P2DIR
0000002d   P2IE
0000002c   P2IES
0000002b   P2IFG
00000028   P2IN
00000029   P2OUT
0000002f   P2REN
0000002e   P2SEL
000000b7   SD16AE
00000102   SD16CCTL0
000000f7   SD16CONF0
000000bf   SD16CONF1
00000100   SD16CTL
000000b0   SD16INCTL0
0000f8f2   SD16ISR
00000110   SD16IV
00000112   SD16MEM0
00000172   TACCR0
00000174   TACCR1
00000162   TACCTL0
00000164   TACCTL1
00000160   TACTL
0000012e   TAIV
00000170   TAR
0000007a   USICCTL
0000007a   USICKCTL
0000007b   USICNT
00000078   USICTL
00000078   USICTL0
00000079   USICTL1
0000007c   USISR
0000007d   USISRH
0000007c   USISRL
00000120   WDTCTL
0000027e   __STACK_END
00000032   __STACK_SIZE
0000f9a2   __TI_CINIT_Base
0000f9aa   __TI_CINIT_Limit
0000f998   __TI_Handler_Table_Base
0000f99e   __TI_Handler_Table_Limit
UNDEFED    __TI_INITARRAY_Base
UNDEFED    __TI_INITARRAY_Limit
0000f97e   __TI_ISR_TRAP
00000001   __TI_args_main
0000f94a   __TI_decompress_none
0000f984   __TI_decompress_rle24
00000001   __TI_exit
0000ffe4   __TI_int02
0000ffe6   __TI_int03
0000ffe8   __TI_int04
0000ffea   __TI_int05
0000fff0   __TI_int08
0000fff2   __TI_int09
0000fff4   __TI_int10
0000fffc   __TI_int14
0000f936   __TI_zero_init
ffffffff   __binit__
ffffffff   __c_args__
0000f97a   __mspabi_func_epilog_1
0000f978   __mspabi_func_epilog_2
0000f976   __mspabi_func_epilog_3
0000f974   __mspabi_func_epilog_4
0000f972   __mspabi_func_epilog_5
0000f970   __mspabi_func_epilog_6
0000f96e   __mspabi_func_epilog_7
0000f85e   _auto_init
0000f91c   _c_int00
0000f91c   _c_int00_noexit
0000fffe   _reset_vector
0000024c   _stack
0000f98a   _system_pre_init
0000f98e   abort
ffffffff   binit
0000f8bc   main
0000f95c   memcpy


GLOBAL SYMBOLS: SORTED BY Symbol Address 

address    name
--------   ----
00000000   IE1
00000001   __TI_args_main
00000001   __TI_exit
00000002   IFG1
00000020   P1IN
00000021   P1OUT
00000022   P1DIR
00000023   P1IFG
00000024   P1IES
00000025   P1IE
00000026   P1SEL
00000027   P1REN
00000028   P2IN
00000029   P2OUT
0000002a   P2DIR
0000002b   P2IFG
0000002c   P2IES
0000002d   P2IE
0000002e   P2SEL
0000002f   P2REN
00000032   __STACK_SIZE
00000053   BCSCTL3
00000056   DCOCTL
00000057   BCSCTL1
00000058   BCSCTL2
00000078   USICTL
00000078   USICTL0
00000079   USICTL1
0000007a   USICCTL
0000007a   USICKCTL
0000007b   USICNT
0000007c   USISR
0000007c   USISRL
0000007d   USISRH
000000b0   SD16INCTL0
000000b7   SD16AE
000000bf   SD16CONF1
000000f7   SD16CONF0
00000100   SD16CTL
00000102   SD16CCTL0
00000110   SD16IV
00000112   SD16MEM0
00000120   WDTCTL
00000128   FCTL1
0000012a   FCTL2
0000012c   FCTL3
0000012e   TAIV
00000160   TACTL
00000162   TACCTL0
00000164   TACCTL1
00000170   TAR
00000172   TACCR0
00000174   TACCR1
0000024c   _stack
0000027e   __STACK_END
000010f8   CALDCO_16MHZ
000010f9   CALBC1_16MHZ
000010fa   CALDCO_12MHZ
000010fb   CALBC1_12MHZ
000010fc   CALDCO_8MHZ
000010fd   CALBC1_8MHZ
000010fe   CALDCO_1MHZ
000010ff   CALBC1_1MHZ
0000f85e   _auto_init
0000f8bc   main
0000f8f2   SD16ISR
0000f91c   _c_int00
0000f91c   _c_int00_noexit
0000f936   __TI_zero_init
0000f94a   __TI_decompress_none
0000f95c   memcpy
0000f96e   __mspabi_func_epilog_7
0000f970   __mspabi_func_epilog_6
0000f972   __mspabi_func_epilog_5
0000f974   __mspabi_func_epilog_4
0000f976   __mspabi_func_epilog_3
0000f978   __mspabi_func_epilog_2
0000f97a   __mspabi_func_epilog_1
0000f97e   __TI_ISR_TRAP
0000f984   __TI_decompress_rle24
0000f98a   _system_pre_init
0000f98e   C$$EXIT
0000f98e   abort
0000f998   __TI_Handler_Table_Base
0000f99e   __TI_Handler_Table_Limit
0000f9a2   __TI_CINIT_Base
0000f9aa   __TI_CINIT_Limit
0000ffe4   __TI_int02
0000ffe6   __TI_int03
0000ffe8   __TI_int04
0000ffea   __TI_int05
0000fff0   __TI_int08
0000fff2   __TI_int09
0000fff4   __TI_int10
0000fffc   __TI_int14
0000fffe   _reset_vector
ffffffff   __binit__
ffffffff   __c_args__
ffffffff   binit
UNDEFED    __TI_INITARRAY_Base
UNDEFED    __TI_INITARRAY_Limit

[101 symbols]
